---
source: tests/integration_test.rs
expression: preview
---
<!doctype html>
<html lang="en">
  <head>
    <meta charset="utf-8">
    <meta name="viewport" content="width=device-width, initial-scale=1.0">
    <title>The Grug Brained Developer</title>
<style type="text/css">
body {
    margin: 40px auto;
    max-width: 768px;
    line-height: 1.6;
    font-size: 20px;
    color: #444;
    padding: 0 10px;
}

pre {
    font-size: 16px;
}

h1, h2, h3 {
    line-height: 1.2
}

a:link {
  text-decoration: none;
}

a:visited {
  text-decoration: none;
}

a:hov
